2025-06-11 15:37:47,064 - cammer_logger - INFO - Running CAMmer
2025-06-11 15:37:47,064 - cammer_logger - INFO - ['-l', 'F.Cu,In1.Cu,In2.Cu,B.Cu,F.Paste,B.Paste,F.Silkscreen,B.Silkscreen,F.Mask,B.Mask', '-e', 'Edge.Cuts,User.Comments']
2025-06-11 15:37:47,067 - cammer_logger - INFO - CAMMER START: 2025-06-11T15:37:47.067737
2025-06-11 15:37:50,996 - cammer_logger - INFO - 
START: 2025-06-11T15:37:47.067737
Board saved by user.
Zones filled by CAMmer.
Renaming C:/Users/pc235/Documents/GitHub/SparkFun_GNSS_Flex_Modules/LG290P-Tilt/Hardware/Production/SparkFun_GNSS_Flex_Module_LG290P-Tilt_panelized-F_Cu.gbr to C:/Users/pc235/Documents/GitHub/SparkFun_GNSS_Flex_Modules/LG290P-Tilt/Hardware/Production/SparkFun_GNSS_Flex_Module_LG290P-Tilt_panelized.GTL
Renaming C:/Users/pc235/Documents/GitHub/SparkFun_GNSS_Flex_Modules/LG290P-Tilt/Hardware/Production/SparkFun_GNSS_Flex_Module_LG290P-Tilt_panelized-In1_Cu.gbr to C:/Users/pc235/Documents/GitHub/SparkFun_GNSS_Flex_Modules/LG290P-Tilt/Hardware/Production/SparkFun_GNSS_Flex_Module_LG290P-Tilt_panelized.GL2
Renaming C:/Users/pc235/Documents/GitHub/SparkFun_GNSS_Flex_Modules/LG290P-Tilt/Hardware/Production/SparkFun_GNSS_Flex_Module_LG290P-Tilt_panelized-In2_Cu.gbr to C:/Users/pc235/Documents/GitHub/SparkFun_GNSS_Flex_Modules/LG290P-Tilt/Hardware/Production/SparkFun_GNSS_Flex_Module_LG290P-Tilt_panelized.GL3
Renaming C:/Users/pc235/Documents/GitHub/SparkFun_GNSS_Flex_Modules/LG290P-Tilt/Hardware/Production/SparkFun_GNSS_Flex_Module_LG290P-Tilt_panelized-B_Cu.gbr to C:/Users/pc235/Documents/GitHub/SparkFun_GNSS_Flex_Modules/LG290P-Tilt/Hardware/Production/SparkFun_GNSS_Flex_Module_LG290P-Tilt_panelized.GBL
Renaming C:/Users/pc235/Documents/GitHub/SparkFun_GNSS_Flex_Modules/LG290P-Tilt/Hardware/Production/SparkFun_GNSS_Flex_Module_LG290P-Tilt_panelized-F_Paste.gbr to C:/Users/pc235/Documents/GitHub/SparkFun_GNSS_Flex_Modules/LG290P-Tilt/Hardware/Production/SparkFun_GNSS_Flex_Module_LG290P-Tilt_panelized.GTP
Renaming C:/Users/pc235/Documents/GitHub/SparkFun_GNSS_Flex_Modules/LG290P-Tilt/Hardware/Production/SparkFun_GNSS_Flex_Module_LG290P-Tilt_panelized-B_Paste.gbr to C:/Users/pc235/Documents/GitHub/SparkFun_GNSS_Flex_Modules/LG290P-Tilt/Hardware/Production/SparkFun_GNSS_Flex_Module_LG290P-Tilt_panelized.GBP
Renaming C:/Users/pc235/Documents/GitHub/SparkFun_GNSS_Flex_Modules/LG290P-Tilt/Hardware/Production/SparkFun_GNSS_Flex_Module_LG290P-Tilt_panelized-F_Silkscreen.gbr to C:/Users/pc235/Documents/GitHub/SparkFun_GNSS_Flex_Modules/LG290P-Tilt/Hardware/Production/SparkFun_GNSS_Flex_Module_LG290P-Tilt_panelized.GTO
Renaming C:/Users/pc235/Documents/GitHub/SparkFun_GNSS_Flex_Modules/LG290P-Tilt/Hardware/Production/SparkFun_GNSS_Flex_Module_LG290P-Tilt_panelized-B_Silkscreen.gbr to C:/Users/pc235/Documents/GitHub/SparkFun_GNSS_Flex_Modules/LG290P-Tilt/Hardware/Production/SparkFun_GNSS_Flex_Module_LG290P-Tilt_panelized.GBO
Renaming C:/Users/pc235/Documents/GitHub/SparkFun_GNSS_Flex_Modules/LG290P-Tilt/Hardware/Production/SparkFun_GNSS_Flex_Module_LG290P-Tilt_panelized-F_Mask.gbr to C:/Users/pc235/Documents/GitHub/SparkFun_GNSS_Flex_Modules/LG290P-Tilt/Hardware/Production/SparkFun_GNSS_Flex_Module_LG290P-Tilt_panelized.GTS
Renaming C:/Users/pc235/Documents/GitHub/SparkFun_GNSS_Flex_Modules/LG290P-Tilt/Hardware/Production/SparkFun_GNSS_Flex_Module_LG290P-Tilt_panelized-B_Mask.gbr to C:/Users/pc235/Documents/GitHub/SparkFun_GNSS_Flex_Modules/LG290P-Tilt/Hardware/Production/SparkFun_GNSS_Flex_Module_LG290P-Tilt_panelized.GBS
Renaming C:/Users/pc235/Documents/GitHub/SparkFun_GNSS_Flex_Modules/LG290P-Tilt/Hardware/Production/SparkFun_GNSS_Flex_Module_LG290P-Tilt_panelized-Edge_Cuts.gbr to C:/Users/pc235/Documents/GitHub/SparkFun_GNSS_Flex_Modules/LG290P-Tilt/Hardware/Production/SparkFun_GNSS_Flex_Module_LG290P-Tilt_panelized.GKO
Drill report: C:\Users\pc235\Documents\GitHub\SparkFun_GNSS_Flex_Modules\LG290P-Tilt\Hardware\Production\drill_report.rpt

2025-06-11 15:37:53,226 - cammer_logger - INFO - CAMmer complete
