Drill report for SparkFun_GNSS_Flex_Module_DAN-F10N_panelized.kicad_pcb
Created on 2025-04-16T09:37:59-0600

Copper Layer Stackup:
    =============================================================
    L1 :  F.Cu                      front
    L2 :  In1.Cu                    in1
    L3 :  In2.Cu                    in2
    L4 :  B.Cu                      back


Drill file 'SparkFun_GNSS_Flex_Module_DAN-F10N_panelized.drl' contains
    plated through holes:
    =============================================================
    T1  0.300mm  0.0118"  (12 holes)
    T2  0.305mm  0.0120"  (1632 holes)

    Total plated holes count 1644


Not plated through holes are merged with plated holes
    unplated through holes:
    =============================================================
    T3  1.200mm  0.0472"  (48 holes)
    T4  3.100mm  0.1220"  (48 holes)

    Total unplated holes count 96
