2025-05-21 12:48:47,406 - cammer_logger - INFO - Running CAMmer
2025-05-21 12:48:47,406 - cammer_logger - INFO - ['-l', 'F.Cu,In1.Cu,In2.Cu,B.Cu,F.Paste,B.Paste,F.Silkscreen,B.Silkscreen,F.Mask,B.Mask', '-e', 'Edge.Cuts,User.Comments']
2025-05-21 12:48:47,420 - cammer_logger - INFO - CAMMER START: 2025-05-21T12:48:47.420111
2025-05-21 12:48:53,476 - cammer_logger - INFO - 
START: 2025-05-21T12:48:47.420111
Board saved by user.
Zones filled by CAMmer.
Deleting existing C:/Users/pc235/Documents/GitHub/SparkFun_GNSS_Flex_Modules/mosaic-G5_P3_Tilt/Hardware/Production/mosaic-G5_P3_Tilt_panelized.GTL
Renaming C:/Users/pc235/Documents/GitHub/SparkFun_GNSS_Flex_Modules/mosaic-G5_P3_Tilt/Hardware/Production/mosaic-G5_P3_Tilt_panelized-F_Cu.gbr to C:/Users/pc235/Documents/GitHub/SparkFun_GNSS_Flex_Modules/mosaic-G5_P3_Tilt/Hardware/Production/mosaic-G5_P3_Tilt_panelized.GTL
Deleting existing C:/Users/pc235/Documents/GitHub/SparkFun_GNSS_Flex_Modules/mosaic-G5_P3_Tilt/Hardware/Production/mosaic-G5_P3_Tilt_panelized.GL2
Renaming C:/Users/pc235/Documents/GitHub/SparkFun_GNSS_Flex_Modules/mosaic-G5_P3_Tilt/Hardware/Production/mosaic-G5_P3_Tilt_panelized-In1_Cu.gbr to C:/Users/pc235/Documents/GitHub/SparkFun_GNSS_Flex_Modules/mosaic-G5_P3_Tilt/Hardware/Production/mosaic-G5_P3_Tilt_panelized.GL2
Deleting existing C:/Users/pc235/Documents/GitHub/SparkFun_GNSS_Flex_Modules/mosaic-G5_P3_Tilt/Hardware/Production/mosaic-G5_P3_Tilt_panelized.GL3
Renaming C:/Users/pc235/Documents/GitHub/SparkFun_GNSS_Flex_Modules/mosaic-G5_P3_Tilt/Hardware/Production/mosaic-G5_P3_Tilt_panelized-In2_Cu.gbr to C:/Users/pc235/Documents/GitHub/SparkFun_GNSS_Flex_Modules/mosaic-G5_P3_Tilt/Hardware/Production/mosaic-G5_P3_Tilt_panelized.GL3
Deleting existing C:/Users/pc235/Documents/GitHub/SparkFun_GNSS_Flex_Modules/mosaic-G5_P3_Tilt/Hardware/Production/mosaic-G5_P3_Tilt_panelized.GBL
Renaming C:/Users/pc235/Documents/GitHub/SparkFun_GNSS_Flex_Modules/mosaic-G5_P3_Tilt/Hardware/Production/mosaic-G5_P3_Tilt_panelized-B_Cu.gbr to C:/Users/pc235/Documents/GitHub/SparkFun_GNSS_Flex_Modules/mosaic-G5_P3_Tilt/Hardware/Production/mosaic-G5_P3_Tilt_panelized.GBL
Deleting existing C:/Users/pc235/Documents/GitHub/SparkFun_GNSS_Flex_Modules/mosaic-G5_P3_Tilt/Hardware/Production/mosaic-G5_P3_Tilt_panelized.GTP
Renaming C:/Users/pc235/Documents/GitHub/SparkFun_GNSS_Flex_Modules/mosaic-G5_P3_Tilt/Hardware/Production/mosaic-G5_P3_Tilt_panelized-F_Paste.gbr to C:/Users/pc235/Documents/GitHub/SparkFun_GNSS_Flex_Modules/mosaic-G5_P3_Tilt/Hardware/Production/mosaic-G5_P3_Tilt_panelized.GTP
Deleting existing C:/Users/pc235/Documents/GitHub/SparkFun_GNSS_Flex_Modules/mosaic-G5_P3_Tilt/Hardware/Production/mosaic-G5_P3_Tilt_panelized.GBP
Renaming C:/Users/pc235/Documents/GitHub/SparkFun_GNSS_Flex_Modules/mosaic-G5_P3_Tilt/Hardware/Production/mosaic-G5_P3_Tilt_panelized-B_Paste.gbr to C:/Users/pc235/Documents/GitHub/SparkFun_GNSS_Flex_Modules/mosaic-G5_P3_Tilt/Hardware/Production/mosaic-G5_P3_Tilt_panelized.GBP
Deleting existing C:/Users/pc235/Documents/GitHub/SparkFun_GNSS_Flex_Modules/mosaic-G5_P3_Tilt/Hardware/Production/mosaic-G5_P3_Tilt_panelized.GTO
Renaming C:/Users/pc235/Documents/GitHub/SparkFun_GNSS_Flex_Modules/mosaic-G5_P3_Tilt/Hardware/Production/mosaic-G5_P3_Tilt_panelized-F_Silkscreen.gbr to C:/Users/pc235/Documents/GitHub/SparkFun_GNSS_Flex_Modules/mosaic-G5_P3_Tilt/Hardware/Production/mosaic-G5_P3_Tilt_panelized.GTO
Deleting existing C:/Users/pc235/Documents/GitHub/SparkFun_GNSS_Flex_Modules/mosaic-G5_P3_Tilt/Hardware/Production/mosaic-G5_P3_Tilt_panelized.GBO
Renaming C:/Users/pc235/Documents/GitHub/SparkFun_GNSS_Flex_Modules/mosaic-G5_P3_Tilt/Hardware/Production/mosaic-G5_P3_Tilt_panelized-B_Silkscreen.gbr to C:/Users/pc235/Documents/GitHub/SparkFun_GNSS_Flex_Modules/mosaic-G5_P3_Tilt/Hardware/Production/mosaic-G5_P3_Tilt_panelized.GBO
Deleting existing C:/Users/pc235/Documents/GitHub/SparkFun_GNSS_Flex_Modules/mosaic-G5_P3_Tilt/Hardware/Production/mosaic-G5_P3_Tilt_panelized.GTS
Renaming C:/Users/pc235/Documents/GitHub/SparkFun_GNSS_Flex_Modules/mosaic-G5_P3_Tilt/Hardware/Production/mosaic-G5_P3_Tilt_panelized-F_Mask.gbr to C:/Users/pc235/Documents/GitHub/SparkFun_GNSS_Flex_Modules/mosaic-G5_P3_Tilt/Hardware/Production/mosaic-G5_P3_Tilt_panelized.GTS
Deleting existing C:/Users/pc235/Documents/GitHub/SparkFun_GNSS_Flex_Modules/mosaic-G5_P3_Tilt/Hardware/Production/mosaic-G5_P3_Tilt_panelized.GBS
Renaming C:/Users/pc235/Documents/GitHub/SparkFun_GNSS_Flex_Modules/mosaic-G5_P3_Tilt/Hardware/Production/mosaic-G5_P3_Tilt_panelized-B_Mask.gbr to C:/Users/pc235/Documents/GitHub/SparkFun_GNSS_Flex_Modules/mosaic-G5_P3_Tilt/Hardware/Production/mosaic-G5_P3_Tilt_panelized.GBS
Deleting existing C:/Users/pc235/Documents/GitHub/SparkFun_GNSS_Flex_Modules/mosaic-G5_P3_Tilt/Hardware/Production/mosaic-G5_P3_Tilt_panelized.GKO
Renaming C:/Users/pc235/Documents/GitHub/SparkFun_GNSS_Flex_Modules/mosaic-G5_P3_Tilt/Hardware/Production/mosaic-G5_P3_Tilt_panelized-Edge_Cuts.gbr to C:/Users/pc235/Documents/GitHub/SparkFun_GNSS_Flex_Modules/mosaic-G5_P3_Tilt/Hardware/Production/mosaic-G5_P3_Tilt_panelized.GKO
Drill report: C:\Users\pc235\Documents\GitHub\SparkFun_GNSS_Flex_Modules\mosaic-G5_P3_Tilt\Hardware\Production\drill_report.rpt

2025-05-21 12:48:55,039 - cammer_logger - INFO - CAMmer complete
