2025-06-10 11:44:40,345 - cammer_logger - INFO - Running CAMmer
2025-06-10 11:44:40,345 - cammer_logger - INFO - ['-l', 'F.Cu,In1.Cu,In2.Cu,B.Cu,F.Paste,B.Paste,F.Silkscreen,B.Silkscreen,F.Mask,B.Mask', '-e', 'Edge.Cuts,User.Comments']
2025-06-10 11:44:40,350 - cammer_logger - INFO - CAMMER START: 2025-06-10T11:44:40.350721
2025-06-10 11:44:45,766 - cammer_logger - INFO - 
START: 2025-06-10T11:44:40.350721
Board saved by user.
Zones filled by CAMmer.
Deleting existing C:/Users/pc235/Documents/GitHub/SparkFun_GNSS_Flex_Modules/mosaic-X5_Tilt/Hardware/Production/SparkFun_GNSS_Flex_Module_mosaic-X5_IM19_panelized.GTL
Renaming C:/Users/pc235/Documents/GitHub/SparkFun_GNSS_Flex_Modules/mosaic-X5_Tilt/Hardware/Production/SparkFun_GNSS_Flex_Module_mosaic-X5_IM19_panelized-F_Cu.gbr to C:/Users/pc235/Documents/GitHub/SparkFun_GNSS_Flex_Modules/mosaic-X5_Tilt/Hardware/Production/SparkFun_GNSS_Flex_Module_mosaic-X5_IM19_panelized.GTL
Deleting existing C:/Users/pc235/Documents/GitHub/SparkFun_GNSS_Flex_Modules/mosaic-X5_Tilt/Hardware/Production/SparkFun_GNSS_Flex_Module_mosaic-X5_IM19_panelized.GL2
Renaming C:/Users/pc235/Documents/GitHub/SparkFun_GNSS_Flex_Modules/mosaic-X5_Tilt/Hardware/Production/SparkFun_GNSS_Flex_Module_mosaic-X5_IM19_panelized-In1_Cu.gbr to C:/Users/pc235/Documents/GitHub/SparkFun_GNSS_Flex_Modules/mosaic-X5_Tilt/Hardware/Production/SparkFun_GNSS_Flex_Module_mosaic-X5_IM19_panelized.GL2
Deleting existing C:/Users/pc235/Documents/GitHub/SparkFun_GNSS_Flex_Modules/mosaic-X5_Tilt/Hardware/Production/SparkFun_GNSS_Flex_Module_mosaic-X5_IM19_panelized.GL3
Renaming C:/Users/pc235/Documents/GitHub/SparkFun_GNSS_Flex_Modules/mosaic-X5_Tilt/Hardware/Production/SparkFun_GNSS_Flex_Module_mosaic-X5_IM19_panelized-In2_Cu.gbr to C:/Users/pc235/Documents/GitHub/SparkFun_GNSS_Flex_Modules/mosaic-X5_Tilt/Hardware/Production/SparkFun_GNSS_Flex_Module_mosaic-X5_IM19_panelized.GL3
Deleting existing C:/Users/pc235/Documents/GitHub/SparkFun_GNSS_Flex_Modules/mosaic-X5_Tilt/Hardware/Production/SparkFun_GNSS_Flex_Module_mosaic-X5_IM19_panelized.GBL
Renaming C:/Users/pc235/Documents/GitHub/SparkFun_GNSS_Flex_Modules/mosaic-X5_Tilt/Hardware/Production/SparkFun_GNSS_Flex_Module_mosaic-X5_IM19_panelized-B_Cu.gbr to C:/Users/pc235/Documents/GitHub/SparkFun_GNSS_Flex_Modules/mosaic-X5_Tilt/Hardware/Production/SparkFun_GNSS_Flex_Module_mosaic-X5_IM19_panelized.GBL
Deleting existing C:/Users/pc235/Documents/GitHub/SparkFun_GNSS_Flex_Modules/mosaic-X5_Tilt/Hardware/Production/SparkFun_GNSS_Flex_Module_mosaic-X5_IM19_panelized.GTP
Renaming C:/Users/pc235/Documents/GitHub/SparkFun_GNSS_Flex_Modules/mosaic-X5_Tilt/Hardware/Production/SparkFun_GNSS_Flex_Module_mosaic-X5_IM19_panelized-F_Paste.gbr to C:/Users/pc235/Documents/GitHub/SparkFun_GNSS_Flex_Modules/mosaic-X5_Tilt/Hardware/Production/SparkFun_GNSS_Flex_Module_mosaic-X5_IM19_panelized.GTP
Deleting existing C:/Users/pc235/Documents/GitHub/SparkFun_GNSS_Flex_Modules/mosaic-X5_Tilt/Hardware/Production/SparkFun_GNSS_Flex_Module_mosaic-X5_IM19_panelized.GBP
Renaming C:/Users/pc235/Documents/GitHub/SparkFun_GNSS_Flex_Modules/mosaic-X5_Tilt/Hardware/Production/SparkFun_GNSS_Flex_Module_mosaic-X5_IM19_panelized-B_Paste.gbr to C:/Users/pc235/Documents/GitHub/SparkFun_GNSS_Flex_Modules/mosaic-X5_Tilt/Hardware/Production/SparkFun_GNSS_Flex_Module_mosaic-X5_IM19_panelized.GBP
Deleting existing C:/Users/pc235/Documents/GitHub/SparkFun_GNSS_Flex_Modules/mosaic-X5_Tilt/Hardware/Production/SparkFun_GNSS_Flex_Module_mosaic-X5_IM19_panelized.GTO
Renaming C:/Users/pc235/Documents/GitHub/SparkFun_GNSS_Flex_Modules/mosaic-X5_Tilt/Hardware/Production/SparkFun_GNSS_Flex_Module_mosaic-X5_IM19_panelized-F_Silkscreen.gbr to C:/Users/pc235/Documents/GitHub/SparkFun_GNSS_Flex_Modules/mosaic-X5_Tilt/Hardware/Production/SparkFun_GNSS_Flex_Module_mosaic-X5_IM19_panelized.GTO
Deleting existing C:/Users/pc235/Documents/GitHub/SparkFun_GNSS_Flex_Modules/mosaic-X5_Tilt/Hardware/Production/SparkFun_GNSS_Flex_Module_mosaic-X5_IM19_panelized.GBO
Renaming C:/Users/pc235/Documents/GitHub/SparkFun_GNSS_Flex_Modules/mosaic-X5_Tilt/Hardware/Production/SparkFun_GNSS_Flex_Module_mosaic-X5_IM19_panelized-B_Silkscreen.gbr to C:/Users/pc235/Documents/GitHub/SparkFun_GNSS_Flex_Modules/mosaic-X5_Tilt/Hardware/Production/SparkFun_GNSS_Flex_Module_mosaic-X5_IM19_panelized.GBO
Deleting existing C:/Users/pc235/Documents/GitHub/SparkFun_GNSS_Flex_Modules/mosaic-X5_Tilt/Hardware/Production/SparkFun_GNSS_Flex_Module_mosaic-X5_IM19_panelized.GTS
Renaming C:/Users/pc235/Documents/GitHub/SparkFun_GNSS_Flex_Modules/mosaic-X5_Tilt/Hardware/Production/SparkFun_GNSS_Flex_Module_mosaic-X5_IM19_panelized-F_Mask.gbr to C:/Users/pc235/Documents/GitHub/SparkFun_GNSS_Flex_Modules/mosaic-X5_Tilt/Hardware/Production/SparkFun_GNSS_Flex_Module_mosaic-X5_IM19_panelized.GTS
Deleting existing C:/Users/pc235/Documents/GitHub/SparkFun_GNSS_Flex_Modules/mosaic-X5_Tilt/Hardware/Production/SparkFun_GNSS_Flex_Module_mosaic-X5_IM19_panelized.GBS
Renaming C:/Users/pc235/Documents/GitHub/SparkFun_GNSS_Flex_Modules/mosaic-X5_Tilt/Hardware/Production/SparkFun_GNSS_Flex_Module_mosaic-X5_IM19_panelized-B_Mask.gbr to C:/Users/pc235/Documents/GitHub/SparkFun_GNSS_Flex_Modules/mosaic-X5_Tilt/Hardware/Production/SparkFun_GNSS_Flex_Module_mosaic-X5_IM19_panelized.GBS
Deleting existing C:/Users/pc235/Documents/GitHub/SparkFun_GNSS_Flex_Modules/mosaic-X5_Tilt/Hardware/Production/SparkFun_GNSS_Flex_Module_mosaic-X5_IM19_panelized.GKO
Renaming C:/Users/pc235/Documents/GitHub/SparkFun_GNSS_Flex_Modules/mosaic-X5_Tilt/Hardware/Production/SparkFun_GNSS_Flex_Module_mosaic-X5_IM19_panelized-Edge_Cuts.gbr to C:/Users/pc235/Documents/GitHub/SparkFun_GNSS_Flex_Modules/mosaic-X5_Tilt/Hardware/Production/SparkFun_GNSS_Flex_Module_mosaic-X5_IM19_panelized.GKO
Drill report: C:\Users\pc235\Documents\GitHub\SparkFun_GNSS_Flex_Modules\mosaic-X5_Tilt\Hardware\Production\drill_report.rpt

2025-06-10 11:44:47,464 - cammer_logger - INFO - CAMmer complete
