2025-03-20 17:21:59,377 - cammer_logger - INFO - Running CAMmer
2025-03-20 17:21:59,377 - cammer_logger - INFO - ['-l', 'F.Cu,In1.Cu,In2.Cu,B.Cu,F.Paste,B.Paste,F.Silkscreen,B.Silkscreen,F.Mask,B.Mask', '-e', 'Edge.Cuts,User.Comments']
2025-03-20 17:21:59,377 - cammer_logger - INFO - CAMMER START: 2025-03-20T17:21:59.377418
2025-03-20 17:22:03,768 - cammer_logger - INFO - 
START: 2025-03-20T17:21:59.377418
Board saved by user.
Zones filled by CAMmer.
Renaming C:/Users/pc235/Documents/GitHub/SparkFun_GNSS_Plug-In_Modules/LG290P/Hardware/Production/SparkFun_GNSS_Flex_Module_LG290P_panelized-F_Cu.gbr to C:/Users/pc235/Documents/GitHub/SparkFun_GNSS_Plug-In_Modules/LG290P/Hardware/Production/SparkFun_GNSS_Flex_Module_LG290P_panelized.GTL
Renaming C:/Users/pc235/Documents/GitHub/SparkFun_GNSS_Plug-In_Modules/LG290P/Hardware/Production/SparkFun_GNSS_Flex_Module_LG290P_panelized-In1_Cu.gbr to C:/Users/pc235/Documents/GitHub/SparkFun_GNSS_Plug-In_Modules/LG290P/Hardware/Production/SparkFun_GNSS_Flex_Module_LG290P_panelized.GL2
Renaming C:/Users/pc235/Documents/GitHub/SparkFun_GNSS_Plug-In_Modules/LG290P/Hardware/Production/SparkFun_GNSS_Flex_Module_LG290P_panelized-In2_Cu.gbr to C:/Users/pc235/Documents/GitHub/SparkFun_GNSS_Plug-In_Modules/LG290P/Hardware/Production/SparkFun_GNSS_Flex_Module_LG290P_panelized.GL3
Renaming C:/Users/pc235/Documents/GitHub/SparkFun_GNSS_Plug-In_Modules/LG290P/Hardware/Production/SparkFun_GNSS_Flex_Module_LG290P_panelized-B_Cu.gbr to C:/Users/pc235/Documents/GitHub/SparkFun_GNSS_Plug-In_Modules/LG290P/Hardware/Production/SparkFun_GNSS_Flex_Module_LG290P_panelized.GBL
Renaming C:/Users/pc235/Documents/GitHub/SparkFun_GNSS_Plug-In_Modules/LG290P/Hardware/Production/SparkFun_GNSS_Flex_Module_LG290P_panelized-F_Paste.gbr to C:/Users/pc235/Documents/GitHub/SparkFun_GNSS_Plug-In_Modules/LG290P/Hardware/Production/SparkFun_GNSS_Flex_Module_LG290P_panelized.GTP
Renaming C:/Users/pc235/Documents/GitHub/SparkFun_GNSS_Plug-In_Modules/LG290P/Hardware/Production/SparkFun_GNSS_Flex_Module_LG290P_panelized-B_Paste.gbr to C:/Users/pc235/Documents/GitHub/SparkFun_GNSS_Plug-In_Modules/LG290P/Hardware/Production/SparkFun_GNSS_Flex_Module_LG290P_panelized.GBP
Renaming C:/Users/pc235/Documents/GitHub/SparkFun_GNSS_Plug-In_Modules/LG290P/Hardware/Production/SparkFun_GNSS_Flex_Module_LG290P_panelized-F_Silkscreen.gbr to C:/Users/pc235/Documents/GitHub/SparkFun_GNSS_Plug-In_Modules/LG290P/Hardware/Production/SparkFun_GNSS_Flex_Module_LG290P_panelized.GTO
Renaming C:/Users/pc235/Documents/GitHub/SparkFun_GNSS_Plug-In_Modules/LG290P/Hardware/Production/SparkFun_GNSS_Flex_Module_LG290P_panelized-B_Silkscreen.gbr to C:/Users/pc235/Documents/GitHub/SparkFun_GNSS_Plug-In_Modules/LG290P/Hardware/Production/SparkFun_GNSS_Flex_Module_LG290P_panelized.GBO
Renaming C:/Users/pc235/Documents/GitHub/SparkFun_GNSS_Plug-In_Modules/LG290P/Hardware/Production/SparkFun_GNSS_Flex_Module_LG290P_panelized-F_Mask.gbr to C:/Users/pc235/Documents/GitHub/SparkFun_GNSS_Plug-In_Modules/LG290P/Hardware/Production/SparkFun_GNSS_Flex_Module_LG290P_panelized.GTS
Renaming C:/Users/pc235/Documents/GitHub/SparkFun_GNSS_Plug-In_Modules/LG290P/Hardware/Production/SparkFun_GNSS_Flex_Module_LG290P_panelized-B_Mask.gbr to C:/Users/pc235/Documents/GitHub/SparkFun_GNSS_Plug-In_Modules/LG290P/Hardware/Production/SparkFun_GNSS_Flex_Module_LG290P_panelized.GBS
Renaming C:/Users/pc235/Documents/GitHub/SparkFun_GNSS_Plug-In_Modules/LG290P/Hardware/Production/SparkFun_GNSS_Flex_Module_LG290P_panelized-Edge_Cuts.gbr to C:/Users/pc235/Documents/GitHub/SparkFun_GNSS_Plug-In_Modules/LG290P/Hardware/Production/SparkFun_GNSS_Flex_Module_LG290P_panelized.GKO
Drill report: C:\Users\pc235\Documents\GitHub\SparkFun_GNSS_Plug-In_Modules\LG290P\Hardware\Production\drill_report.rpt

2025-03-20 17:22:05,815 - cammer_logger - INFO - CAMmer complete
